// Jest Snapshot v1, https://goo.gl/fbAQLP

exports[`render image in details 1`] = `
<div
  class=""
>
  <table
    class="sa-table__detail-table"
  >
    <tr
      class="sa-table__detail"
    >
      <td
        class=""
      >
        <button
          class="sa-table__svg-button"
          title="Show as Column"
        >
          <svg>
            <use
              href="#sa-svg-movetovertical-24x24"
            />
          </svg>
        </button>
      </td>
      <td
        class=""
      >
        q1
      </td>
      <td
        class=""
      >
        <img
          src="signature"
        />
      </td>
    </tr>
  </table>
</div>
`;
